// Jest Snapshot v1, https://goo.gl/fbAQLP

exports[`HistoryView renders HistoryView component correctly 1`] = `
<div
  className="history-view"
>
  <div
    className="bx--grid"
  >
    <div
      className="bx--row"
    >
      <div
        className="bx--col-xs-12 bx--col-md-2 query-label"
      >
        <span>
          Time Zone:
        </span>
        <div
          aria-invalid={undefined}
          aria-label="Choose an item"
          className="bx--dropdown bx--list-box"
          data-invalid={undefined}
          onClick={[Function]}
          onKeyDown={[Function]}
          role="listbox"
          tabIndex="0"
        >
          <div
            aria-expanded={false}
            aria-haspopup={true}
            aria-label="open menu"
            className="bx--list-box__field"
            data-toggle={true}
            disabled={false}
            onBlur={[Function]}
            onClick={[Function]}
            onKeyDown={[Function]}
            role="button"
            tabIndex="0"
            type="button"
          >
            <span
              className="bx--list-box__label"
              htmlFor="downshift-0-input"
            >
              America/New_York
            </span>
            <div
              className="bx--list-box__menu-icon"
            >
              <svg
                alt="Open menu"
                aria-label="Open menu"
                className={undefined}
                fill={undefined}
                fillRule="evenodd"
                height="5"
                name={undefined}
                role="img"
                style={undefined}
                viewBox="0 0 10 5"
                width="10"
              >
                <title>
                  Open menu
                </title>
                <path
                  d="M0 0l5 4.998L10 0z"
                />
              </svg>
            </div>
          </div>
        </div>
      </div>
      <div
        className="bx--col-xs-12 bx--col-md-2 query-label"
      >
        <span>
          Query Range
        </span>
        <div
          aria-invalid={undefined}
          aria-label="Choose an item"
          className="bx--dropdown bx--list-box"
          data-invalid={undefined}
          onClick={[Function]}
          onKeyDown={[Function]}
          role="listbox"
          tabIndex="0"
        >
          <div
            aria-expanded={false}
            aria-haspopup={true}
            aria-label="open menu"
            className="bx--list-box__field"
            data-toggle={true}
            disabled={false}
            onBlur={[Function]}
            onClick={[Function]}
            onKeyDown={[Function]}
            role="button"
            tabIndex="0"
            type="button"
          >
            <span
              className="bx--list-box__label"
              htmlFor="downshift-1-input"
            >
              Custom Range
            </span>
            <div
              className="bx--list-box__menu-icon"
            >
              <svg
                alt="Open menu"
                aria-label="Open menu"
                className={undefined}
                fill={undefined}
                fillRule="evenodd"
                height="5"
                name={undefined}
                role="img"
                style={undefined}
                viewBox="0 0 10 5"
                width="10"
              >
                <title>
                  Open menu
                </title>
                <path
                  d="M0 0l5 4.998L10 0z"
                />
              </svg>
            </div>
          </div>
        </div>
      </div>
      <div
        className="bx--col-xs-12 bx--col-md-3"
      >
        <div
          className="bx--grid"
        >
          <div
            className="bx--row"
          >
            <div
              className="bx--col-xs-12 bx--col-md-6 query-label left-block"
            >
              <span>
                From:
              </span>
              <div
                className="bx--form-item"
              >
                <div
                  className="bx--date-picker bx--date-picker--single"
                  id="date-picker"
                  onClick={[Function]}
                >
                  <div
                    className="bx--date-picker-container bx--date-picker--nolabel"
                  >
                    <svg
                      alt="Provide a description that will be used as the title"
                      aria-label="Provide a description that will be used as the title"
                      className="bx--date-picker__icon"
                      fill={undefined}
                      fillRule="evenodd"
                      height="16"
                      name="calendar"
                      onClick={[Function]}
                      role="img"
                      style={undefined}
                      viewBox="0 0 14 16"
                      width="14"
                    >
                      <title>
                        Provide a description that will be used as the title
                      </title>
                      <path
                        d="M0 5h14v1H0V5zm3-5h1v4H3V0zm7 0h1v4h-1V0zM0 2.5A1.5 1.5 0 0 1 1.5 1h11A1.5 1.5 0 0 1 14 2.5v12a1.5 1.5 0 0 1-1.5 1.5h-11A1.5 1.5 0 0 1 0 14.5v-12zm1 0v12a.5.5 0 0 0 .5.5h11a.5.5 0 0 0 .5-.5v-12a.5.5 0 0 0-.5-.5h-11a.5.5 0 0 0-.5.5z"
                      />
                    </svg>
                    <input
                      className="bx--date-picker__input"
                      disabled={false}
                      id="date-picker-input-id"
                      onChange={[Function]}
                      onClick={[Function]}
                      pattern="\\\\d{1,2}\\\\/\\\\d{1,2}\\\\/\\\\d{4}"
                      placeholder={undefined}
                      type="text"
                      value="2018-01-01"
                    />
                  </div>
                  
                </div>
              </div>
            </div>
            <div
              className="bx--col-xs-12 bx--col-md-5 query-label"
            >
              <span>
                 
              </span>
              <div
                aria-invalid={undefined}
                aria-label="Choose an item"
                className="bx--dropdown form-input-6 bx--list-box"
                data-invalid={undefined}
                onClick={[Function]}
                onKeyDown={[Function]}
                role="listbox"
                tabIndex="0"
              >
                <div
                  aria-expanded={false}
                  aria-haspopup={true}
                  aria-label="open menu"
                  className="bx--list-box__field"
                  data-toggle={true}
                  disabled={false}
                  onBlur={[Function]}
                  onClick={[Function]}
                  onKeyDown={[Function]}
                  role="button"
                  tabIndex="0"
                  type="button"
                >
                  <span
                    className="bx--list-box__label"
                    htmlFor="downshift-2-input"
                  >
                    01:00
                  </span>
                  <div
                    className="bx--list-box__menu-icon"
                  >
                    <svg
                      alt="Open menu"
                      aria-label="Open menu"
                      className={undefined}
                      fill={undefined}
                      fillRule="evenodd"
                      height="5"
                      name={undefined}
                      role="img"
                      style={undefined}
                      viewBox="0 0 10 5"
                      width="10"
                    >
                      <title>
                        Open menu
                      </title>
                      <path
                        d="M0 0l5 4.998L10 0z"
                      />
                    </svg>
                  </div>
                </div>
              </div>
            </div>
          </div>
        </div>
      </div>
      <div
        className="bx--col-xs-12 bx--col-md-3"
      >
        <div
          className="bx--grid"
        >
          <div
            className="bx--row"
          >
            <div
              className="bx--col-xs-12 bx--col-md-6 query-label left-block"
            >
              <span>
                To:
              </span>
              <div
                className="bx--form-item"
              >
                <div
                  className="bx--date-picker bx--date-picker--single"
                  id="date-picker"
                  onClick={[Function]}
                >
                  <div
                    className="bx--date-picker-container bx--date-picker--nolabel"
                  >
                    <svg
                      alt="Provide a description that will be used as the title"
                      aria-label="Provide a description that will be used as the title"
                      className="bx--date-picker__icon"
                      fill={undefined}
                      fillRule="evenodd"
                      height="16"
                      name="calendar"
                      onClick={[Function]}
                      role="img"
                      style={undefined}
                      viewBox="0 0 14 16"
                      width="14"
                    >
                      <title>
                        Provide a description that will be used as the title
                      </title>
                      <path
                        d="M0 5h14v1H0V5zm3-5h1v4H3V0zm7 0h1v4h-1V0zM0 2.5A1.5 1.5 0 0 1 1.5 1h11A1.5 1.5 0 0 1 14 2.5v12a1.5 1.5 0 0 1-1.5 1.5h-11A1.5 1.5 0 0 1 0 14.5v-12zm1 0v12a.5.5 0 0 0 .5.5h11a.5.5 0 0 0 .5-.5v-12a.5.5 0 0 0-.5-.5h-11a.5.5 0 0 0-.5.5z"
                      />
                    </svg>
                    <input
                      className="bx--date-picker__input"
                      disabled={false}
                      id="date-picker-input-id"
                      onChange={[Function]}
                      onClick={[Function]}
                      pattern="\\\\d{1,2}\\\\/\\\\d{1,2}\\\\/\\\\d{4}"
                      placeholder={undefined}
                      type="text"
                      value="2018-02-01"
                    />
                  </div>
                  
                </div>
              </div>
            </div>
            <div
              className="bx--col-xs-12 bx--col-md-5 query-label"
            >
              <span>
                 
              </span>
              <div
                aria-invalid={undefined}
                aria-label="Choose an item"
                className="bx--dropdown form-input-6 bx--list-box"
                data-invalid={undefined}
                onClick={[Function]}
                onKeyDown={[Function]}
                role="listbox"
                tabIndex="0"
              >
                <div
                  aria-expanded={false}
                  aria-haspopup={true}
                  aria-label="open menu"
                  className="bx--list-box__field"
                  data-toggle={true}
                  disabled={false}
                  onBlur={[Function]}
                  onClick={[Function]}
                  onKeyDown={[Function]}
                  role="button"
                  tabIndex="0"
                  type="button"
                >
                  <span
                    className="bx--list-box__label"
                    htmlFor="downshift-3-input"
                  >
                    12:00
                  </span>
                  <div
                    className="bx--list-box__menu-icon"
                  >
                    <svg
                      alt="Open menu"
                      aria-label="Open menu"
                      className={undefined}
                      fill={undefined}
                      fillRule="evenodd"
                      height="5"
                      name={undefined}
                      role="img"
                      style={undefined}
                      viewBox="0 0 10 5"
                      width="10"
                    >
                      <title>
                        Open menu
                      </title>
                      <path
                        d="M0 0l5 4.998L10 0z"
                      />
                    </svg>
                  </div>
                </div>
              </div>
            </div>
          </div>
        </div>
      </div>
      <div
        className="bx--col-xs-12 bx--col-md-2 query-label parent-element"
      >
        <button
          className="round-button child-element-right-bottom bx--btn bx--btn--primary"
          disabled={false}
          onClick={[Function]}
          style={
            Object {
              "marginRight": "10px",
            }
          }
          tabIndex={0}
          type="button"
        >
          <span>
            Run Query
          </span>
        </button>
      </div>
    </div>
    <div
      className="bx--row"
      style={
        Object {
          "display": "none",
        }
      }
    >
      <div
        className="bx--col-xs-12 bx--col-md-3 query-label"
      >
        <span>
          Scaling Status
        </span>
        <div
          aria-invalid={undefined}
          aria-label="Choose an item"
          className="bx--dropdown bx--list-box"
          data-invalid={undefined}
          onClick={[Function]}
          onKeyDown={[Function]}
          role="listbox"
          tabIndex="0"
        >
          <div
            aria-expanded={false}
            aria-haspopup={true}
            aria-label="open menu"
            className="bx--list-box__field"
            data-toggle={true}
            disabled={false}
            onBlur={[Function]}
            onClick={[Function]}
            onKeyDown={[Function]}
            role="button"
            tabIndex="0"
            type="button"
          >
            <span
              className="bx--list-box__label"
              htmlFor="downshift-4-input"
            >
              Succeeded
            </span>
            <div
              className="bx--list-box__menu-icon"
            >
              <svg
                alt="Open menu"
                aria-label="Open menu"
                className={undefined}
                fill={undefined}
                fillRule="evenodd"
                height="5"
                name={undefined}
                role="img"
                style={undefined}
                viewBox="0 0 10 5"
                width="10"
              >
                <title>
                  Open menu
                </title>
                <path
                  d="M0 0l5 4.998L10 0z"
                />
              </svg>
            </div>
          </div>
        </div>
      </div>
      <div
        className="bx--col-xs-12 bx--col-md-3 query-label"
      >
        <span>
          Scaling Type
        </span>
        <div
          aria-invalid={undefined}
          aria-label="Choose an item"
          className="bx--dropdown bx--list-box"
          data-invalid={undefined}
          onClick={[Function]}
          onKeyDown={[Function]}
          role="listbox"
          tabIndex="0"
        >
          <div
            aria-expanded={false}
            aria-haspopup={true}
            aria-label="open menu"
            className="bx--list-box__field"
            data-toggle={true}
            disabled={false}
            onBlur={[Function]}
            onClick={[Function]}
            onKeyDown={[Function]}
            role="button"
            tabIndex="0"
            type="button"
          >
            <span
              className="bx--list-box__label"
              htmlFor="downshift-5-input"
            >
              Schedule
            </span>
            <div
              className="bx--list-box__menu-icon"
            >
              <svg
                alt="Open menu"
                aria-label="Open menu"
                className={undefined}
                fill={undefined}
                fillRule="evenodd"
                height="5"
                name={undefined}
                role="img"
                style={undefined}
                viewBox="0 0 10 5"
                width="10"
              >
                <title>
                  Open menu
                </title>
                <path
                  d="M0 0l5 4.998L10 0z"
                />
              </svg>
            </div>
          </div>
        </div>
      </div>
      <div
        className="bx--col-xs-12 bx--col-md-3 query-label"
      >
        <span>
          Scaling Action
        </span>
        <div
          aria-invalid={undefined}
          aria-label="Choose an item"
          className="bx--dropdown bx--list-box"
          data-invalid={undefined}
          onClick={[Function]}
          onKeyDown={[Function]}
          role="listbox"
          tabIndex="0"
        >
          <div
            aria-expanded={false}
            aria-haspopup={true}
            aria-label="open menu"
            className="bx--list-box__field"
            data-toggle={true}
            disabled={false}
            onBlur={[Function]}
            onClick={[Function]}
            onKeyDown={[Function]}
            role="button"
            tabIndex="0"
            type="button"
          >
            <span
              className="bx--list-box__label"
              htmlFor="downshift-6-input"
            >
              Scale In
            </span>
            <div
              className="bx--list-box__menu-icon"
            >
              <svg
                alt="Open menu"
                aria-label="Open menu"
                className={undefined}
                fill={undefined}
                fillRule="evenodd"
                height="5"
                name={undefined}
                role="img"
                style={undefined}
                viewBox="0 0 10 5"
                width="10"
              >
                <title>
                  Open menu
                </title>
                <path
                  d="M0 0l5 4.998L10 0z"
                />
              </svg>
            </div>
          </div>
        </div>
      </div>
      <div
        className="bx--col-xs-12 bx--col-md-3 query-label parent-element"
      >
        <button
          className="round-button child-element-right-bottom bx--btn bx--btn--primary"
          disabled={false}
          onClick={[Function]}
          style={
            Object {
              "marginRight": "10px",
            }
          }
          tabIndex={0}
          type="button"
        >
          <span>
            Run Query
          </span>
        </button>
      </div>
    </div>
    <div
      className="bx--row"
    >
      <div
        className="bx--col-xs-12 bx--col-md-12"
        style={
          Object {
            "marginTop": "1em",
          }
        }
      >
        <div>
          <div
            className="bx--responsive-table-container"
          >
            <table
              className="bx--responsive-table"
              style={
                Object {
                  "borderCollapse": "collapse",
                  "borderSpacing": 0,
                }
              }
            >
              <thead
                className="bx--table-head"
              >
                <tr
                  className="bx--table-row"
                >
                  <th
                    className="bx--table-header"
                  >
                    <span>
                      Scaling Status
                    </span>
                    
                  </th>
                  <th
                    className="bx--table-header"
                  >
                    <span>
                      Scaling Type
                    </span>
                    
                  </th>
                  <th
                    className="bx--table-header"
                  >
                    <span>
                      Instance Change
                    </span>
                    
                  </th>
                  <th
                    className="bx--table-header"
                  >
                    <span>
                      Time
                    </span>
                    
                  </th>
                  <th
                    className="bx--table-header"
                  >
                    <span>
                      Action
                    </span>
                    
                  </th>
                  <th
                    className="bx--table-header"
                  >
                    <span>
                      Error
                    </span>
                    
                  </th>
                </tr>
              </thead>
              <tbody
                className="bx--table-body"
              >
                <tr
                  className="bx--table-row bx--parent-row bx--parent-row--even"
                >
                  <td
                    className=""
                    style={
                      Object {
                        "overflow": "hidden",
                        "textOverflow": "ellipsis",
                        "whiteSpace": "nowrap",
                        "width": "100%",
                        "wordBreak": "keep-all",
                      }
                    }
                  >
                    <img
                      className="small"
                      src={
                        Object {
                          "default": Object {
                            "mock": "mock",
                          },
                        }
                      }
                    />
                    <span>
                      Succeeded
                    </span>
                  </td>
                  <td
                    className=""
                  >
                    <span>
                      Dynamic
                    </span>
                  </td>
                  <td
                    className=""
                  >
                    2
                     
                    <nobr
                      className="scale-in-arrow"
                    >
                      ➘ 
                    </nobr>
                     
                    1
                  </td>
                  <td
                    className=""
                  >
                    2018-05-14 22:42:55
                  </td>
                  <td
                    className=""
                  >
                    -1 instance(s) because memoryused &lt; 30MB for 600 seconds
                  </td>
                  <td
                    className=""
                  >
                    
                  </td>
                </tr>
                <tr
                  className="bx--table-row bx--parent-row"
                >
                  <td
                    className=""
                    style={
                      Object {
                        "overflow": "hidden",
                        "textOverflow": "ellipsis",
                        "whiteSpace": "nowrap",
                        "width": "100%",
                        "wordBreak": "keep-all",
                      }
                    }
                  >
                    <img
                      className="small"
                      src={
                        Object {
                          "default": Object {
                            "mock": "mock",
                          },
                        }
                      }
                    />
                    <span>
                      Succeeded
                    </span>
                  </td>
                  <td
                    className=""
                  >
                    <span>
                      Dynamic
                    </span>
                  </td>
                  <td
                    className=""
                  >
                    3
                     
                    <nobr
                      className="scale-in-arrow"
                    >
                      ➘ 
                    </nobr>
                     
                    2
                  </td>
                  <td
                    className=""
                  >
                    2018-05-14 22:37:35
                  </td>
                  <td
                    className=""
                  >
                    -1 instance(s) because throughput &lt; 5rps for 60 seconds
                  </td>
                  <td
                    className=""
                  >
                    
                  </td>
                </tr>
                <tr
                  className="bx--table-row bx--parent-row bx--parent-row--even"
                >
                  <td
                    className=""
                    style={
                      Object {
                        "overflow": "hidden",
                        "textOverflow": "ellipsis",
                        "whiteSpace": "nowrap",
                        "width": "100%",
                        "wordBreak": "keep-all",
                      }
                    }
                  >
                    <img
                      className="small"
                      src={
                        Object {
                          "default": Object {
                            "mock": "mock",
                          },
                        }
                      }
                    />
                    <span>
                      Succeeded
                    </span>
                  </td>
                  <td
                    className=""
                  >
                    <span>
                      Dynamic
                    </span>
                  </td>
                  <td
                    className=""
                  >
                    4
                     
                    <nobr
                      className="scale-in-arrow"
                    >
                      ➘ 
                    </nobr>
                     
                    3
                  </td>
                  <td
                    className=""
                  >
                    2018-05-14 22:32:15
                  </td>
                  <td
                    className=""
                  >
                    -1 instance(s) because throughput &lt; 5rps for 60 seconds
                  </td>
                  <td
                    className=""
                  >
                    
                  </td>
                </tr>
                <tr
                  className="bx--table-row bx--parent-row"
                >
                  <td
                    className=""
                    style={
                      Object {
                        "overflow": "hidden",
                        "textOverflow": "ellipsis",
                        "whiteSpace": "nowrap",
                        "width": "100%",
                        "wordBreak": "keep-all",
                      }
                    }
                  >
                    <img
                      className="small"
                      src={
                        Object {
                          "default": Object {
                            "mock": "mock",
                          },
                        }
                      }
                    />
                    <span>
                      Succeeded
                    </span>
                  </td>
                  <td
                    className=""
                  >
                    <span>
                      Dynamic
                    </span>
                  </td>
                  <td
                    className=""
                  >
                    5
                     
                    <nobr
                      className="scale-in-arrow"
                    >
                      ➘ 
                    </nobr>
                     
                    4
                  </td>
                  <td
                    className=""
                  >
                    2018-05-14 22:26:55
                  </td>
                  <td
                    className=""
                  >
                    -1 instance(s) because memoryutil &lt; 30% for 60 seconds
                  </td>
                  <td
                    className=""
                  >
                    
                  </td>
                </tr>
                <tr
                  className="bx--table-row bx--parent-row bx--parent-row--even"
                >
                  <td
                    className=""
                    style={
                      Object {
                        "overflow": "hidden",
                        "textOverflow": "ellipsis",
                        "whiteSpace": "nowrap",
                        "width": "100%",
                        "wordBreak": "keep-all",
                      }
                    }
                  >
                    <img
                      className="small"
                      src={
                        Object {
                          "default": Object {
                            "mock": "mock",
                          },
                        }
                      }
                    />
                    <span>
                      Succeeded
                    </span>
                  </td>
                  <td
                    className=""
                  >
                    <span>
                      Dynamic
                    </span>
                  </td>
                  <td
                    className=""
                  >
                    6
                     
                    <nobr
                      className="scale-in-arrow"
                    >
                      ➘ 
                    </nobr>
                     
                    5
                  </td>
                  <td
                    className=""
                  >
                    2018-05-14 22:21:34
                  </td>
                  <td
                    className=""
                  >
                    -1 instance(s) because memoryutil &lt; 30% for 60 seconds
                  </td>
                  <td
                    className=""
                  >
                    
                  </td>
                </tr>
                <tr
                  className="bx--table-row bx--parent-row"
                >
                  <td
                    className=""
                    style={
                      Object {
                        "overflow": "hidden",
                        "textOverflow": "ellipsis",
                        "whiteSpace": "nowrap",
                        "width": "100%",
                        "wordBreak": "keep-all",
                      }
                    }
                  >
                    <img
                      className="small"
                      src={
                        Object {
                          "default": Object {
                            "mock": "mock",
                          },
                        }
                      }
                    />
                    <span>
                      Succeeded
                    </span>
                  </td>
                  <td
                    className=""
                  >
                    <span>
                      Dynamic
                    </span>
                  </td>
                  <td
                    className=""
                  >
                    7
                     
                    <nobr
                      className="scale-in-arrow"
                    >
                      ➘ 
                    </nobr>
                     
                    6
                  </td>
                  <td
                    className=""
                  >
                    2018-05-14 22:16:15
                  </td>
                  <td
                    className=""
                  >
                    -1 instance(s) because throughput &lt; 5rps for 60 seconds
                  </td>
                  <td
                    className=""
                  >
                    
                  </td>
                </tr>
                <tr
                  className="bx--table-row bx--parent-row bx--parent-row--even"
                >
                  <td
                    className=""
                    style={
                      Object {
                        "overflow": "hidden",
                        "textOverflow": "ellipsis",
                        "whiteSpace": "nowrap",
                        "width": "100%",
                        "wordBreak": "keep-all",
                      }
                    }
                  >
                    <img
                      className="small"
                      src={
                        Object {
                          "default": Object {
                            "mock": "mock",
                          },
                        }
                      }
                    />
                    <span>
                      Succeeded
                    </span>
                  </td>
                  <td
                    className=""
                  >
                    <span>
                      Dynamic
                    </span>
                  </td>
                  <td
                    className=""
                  >
                    8
                     
                    <nobr
                      className="scale-in-arrow"
                    >
                      ➘ 
                    </nobr>
                     
                    7
                  </td>
                  <td
                    className=""
                  >
                    2018-05-14 22:10:55
                  </td>
                  <td
                    className=""
                  >
                    -1 instance(s) because throughput &lt; 5rps for 60 seconds
                  </td>
                  <td
                    className=""
                  >
                    
                  </td>
                </tr>
                <tr
                  className="bx--table-row bx--parent-row"
                >
                  <td
                    className=""
                    style={
                      Object {
                        "overflow": "hidden",
                        "textOverflow": "ellipsis",
                        "whiteSpace": "nowrap",
                        "width": "100%",
                        "wordBreak": "keep-all",
                      }
                    }
                  >
                    <img
                      className="small"
                      src={
                        Object {
                          "default": Object {
                            "mock": "mock",
                          },
                        }
                      }
                    />
                    <span>
                      Succeeded
                    </span>
                  </td>
                  <td
                    className=""
                  >
                    <span>
                      Dynamic
                    </span>
                  </td>
                  <td
                    className=""
                  >
                    9
                     
                    <nobr
                      className="scale-in-arrow"
                    >
                      ➘ 
                    </nobr>
                     
                    8
                  </td>
                  <td
                    className=""
                  >
                    2018-05-14 22:05:35
                  </td>
                  <td
                    className=""
                  >
                    -1 instance(s) because memoryutil &lt; 30% for 60 seconds
                  </td>
                  <td
                    className=""
                  >
                    
                  </td>
                </tr>
                <tr
                  className="bx--table-row bx--parent-row bx--parent-row--even"
                >
                  <td
                    className=""
                    style={
                      Object {
                        "overflow": "hidden",
                        "textOverflow": "ellipsis",
                        "whiteSpace": "nowrap",
                        "width": "100%",
                        "wordBreak": "keep-all",
                      }
                    }
                  >
                    <img
                      className="small"
                      src={
                        Object {
                          "default": Object {
                            "mock": "mock",
                          },
                        }
                      }
                    />
                    <span>
                      Succeeded
                    </span>
                  </td>
                  <td
                    className=""
                  >
                    <span>
                      Dynamic
                    </span>
                  </td>
                  <td
                    className=""
                  >
                    10
                     
                    <nobr
                      className="scale-in-arrow"
                    >
                      ➘ 
                    </nobr>
                     
                    9
                  </td>
                  <td
                    className=""
                  >
                    2018-05-14 22:00:15
                  </td>
                  <td
                    className=""
                  >
                    -1 instance(s) because throughput &lt; 5rps for 60 seconds
                  </td>
                  <td
                    className=""
                  >
                    
                  </td>
                </tr>
                <tr
                  className="bx--table-row bx--parent-row"
                >
                  <td
                    className=""
                    style={
                      Object {
                        "overflow": "hidden",
                        "textOverflow": "ellipsis",
                        "whiteSpace": "nowrap",
                        "width": "100%",
                        "wordBreak": "keep-all",
                      }
                    }
                  >
                    <img
                      className="small"
                      src={
                        Object {
                          "default": Object {
                            "mock": "mock",
                          },
                        }
                      }
                    />
                    <span>
                      Succeeded
                    </span>
                  </td>
                  <td
                    className=""
                  >
                    <span>
                      Schedule
                    </span>
                  </td>
                  <td
                    className=""
                  >
                    18
                     
                    <nobr
                      className="scale-in-arrow"
                    >
                      ➘ 
                    </nobr>
                     
                    10
                  </td>
                  <td
                    className=""
                  >
                    2018-05-14 22:00:03
                  </td>
                  <td
                    className=""
                  >
                    -8 instance(s) because limited by max instances 5
                  </td>
                  <td
                    className=""
                  >
                    
                  </td>
                </tr>
              </tbody>
            </table>
          </div>
        </div>
      </div>
    </div>
    <div
      className="bx--row"
    >
      <div
        className="bx--col-xs-12 bx--col-md-12 query-label"
      >
        <div
          className="bx--pagination"
          disabled={false}
        >
          <div
            className="bx--pagination__left"
          >
            <span
              className="bx--pagination__text"
            >
              Items per page:
            </span>
            <div
              className="bx--form-item"
            >
              <div
                className="bx--select bx--select--inline"
              >
                <label
                  className="bx--label bx--visually-hidden"
                  htmlFor="bx-pagination-select-1"
                >
                  Items per page:
                </label>
                <select
                  aria-invalid={undefined}
                  className="bx--select-input"
                  data-invalid={undefined}
                  disabled={undefined}
                  id="bx-pagination-select-1"
                  onChange={[Function]}
                  value={10}
                >
                  <option
                    className="bx--select-option"
                    disabled={false}
                    hidden={false}
                    value={10}
                  >
                    10
                  </option>
                  <option
                    className="bx--select-option"
                    disabled={false}
                    hidden={false}
                    value={20}
                  >
                    20
                  </option>
                  <option
                    className="bx--select-option"
                    disabled={false}
                    hidden={false}
                    value={50}
                  >
                    50
                  </option>
                  <option
                    className="bx--select-option"
                    disabled={false}
                    hidden={false}
                    value={100}
                  >
                    100
                  </option>
                </select>
                <svg
                  alt="open list of options"
                  aria-label="open list of options"
                  className="bx--select__arrow"
                  fill={undefined}
                  fillRule="evenodd"
                  height="5"
                  name={undefined}
                  role="img"
                  style={undefined}
                  viewBox="0 0 10 5"
                  width="10"
                >
                  <title>
                    open list of options
                  </title>
                  <path
                    d="M0 0l5 4.998L10 0z"
                  />
                </svg>
              </div>
            </div>
            <span
              className="bx--pagination__text"
            >
               |  
              1-10 of 49 items
            </span>
          </div>
          <div
            className="bx--pagination__right bx--pagination--inline"
          >
            <span
              className="bx--pagination__text"
            >
              1 of 5 pages
            </span>
            <button
              className="bx--pagination__button bx--pagination__button--backward"
              disabled={true}
              onClick={[Function]}
            >
              <svg
                alt="Backward"
                aria-label="Backward"
                className="bx--pagination__button-icon"
                fill={undefined}
                fillRule="evenodd"
                height="12"
                name={undefined}
                role="img"
                style={undefined}
                viewBox="0 0 7 12"
                width="7"
              >
                <title>
                  Backward
                </title>
                <path
                  d="M1.45 6.002L7 11.27l-.685.726L0 6.003 6.315 0 7 .726z"
                />
              </svg>
            </button>
            <div
              className="bx--form-item"
            >
              <div
                className="bx--select bx--select--inline"
              >
                <label
                  className="bx--label bx--visually-hidden"
                  htmlFor="bx-pagination-select-3"
                >
                  Items per page:
                </label>
                <select
                  aria-invalid={undefined}
                  className="bx--select-input"
                  data-invalid={undefined}
                  disabled={undefined}
                  id="bx-pagination-select-3"
                  onChange={[Function]}
                  value={1}
                >
                  <option
                    className="bx--select-option"
                    disabled={false}
                    hidden={false}
                    value={1}
                  >
                    1
                  </option>
                  <option
                    className="bx--select-option"
                    disabled={false}
                    hidden={false}
                    value={2}
                  >
                    2
                  </option>
                  <option
                    className="bx--select-option"
                    disabled={false}
                    hidden={false}
                    value={3}
                  >
                    3
                  </option>
                  <option
                    className="bx--select-option"
                    disabled={false}
                    hidden={false}
                    value={4}
                  >
                    4
                  </option>
                  <option
                    className="bx--select-option"
                    disabled={false}
                    hidden={false}
                    value={5}
                  >
                    5
                  </option>
                </select>
                <svg
                  alt="open list of options"
                  aria-label="open list of options"
                  className="bx--select__arrow"
                  fill={undefined}
                  fillRule="evenodd"
                  height="5"
                  name={undefined}
                  role="img"
                  style={undefined}
                  viewBox="0 0 10 5"
                  width="10"
                >
                  <title>
                    open list of options
                  </title>
                  <path
                    d="M0 0l5 4.998L10 0z"
                  />
                </svg>
              </div>
            </div>
            <button
              className="bx--pagination__button bx--pagination__button--forward"
              disabled={false}
              onClick={[Function]}
            >
              <svg
                alt="Forward"
                aria-label="Forward"
                className="bx--pagination__button-icon"
                fill={undefined}
                fillRule="evenodd"
                height="12"
                name={undefined}
                role="img"
                style={undefined}
                viewBox="0 0 7 12"
                width="7"
              >
                <title>
                  Forward
                </title>
                <path
                  d="M5.569 5.994L0 .726.687 0l6.336 5.994-6.335 6.002L0 11.27z"
                />
              </svg>
            </button>
          </div>
        </div>
      </div>
    </div>
  </div>
  <div
    className="bx--loading-overlay"
  >
    <div
      aria-live="assertive"
      className="bx--loading"
    >
      <svg
        className="bx--loading__svg"
        viewBox="-75 -75 150 150"
      >
        <circle
          cx="0"
          cy="0"
          r="37.5"
        />
      </svg>
    </div>
  </div>
</div>
`;
